207 images to generate; spent so far $0.44
ok key/title
ok story/intro4
ok story/intro1
ok story/intro2
ok story/intro3
ok story/intro5
ok story/defeat
ok story/victory
ok portraits/gunhand_1
ok portraits/gunhand_3
ok portraits/gunhand_4
ok portraits/gunhand_2
ok portraits/sawbones_1
ok portraits/sawbones_2
ok story/warlord_end
ok story/death
ok portraits/sawbones_3
ok portraits/duelist_2
ok portraits/duelist_1
ok portraits/sawbones_4
ok portraits/duelist_3
ok portraits/duelist_4
ok portraits/mindbender_1
ok portraits/mindbender_2
ok portraits/mindbender_3
ok portraits/prophet_1
ok portraits/prophet_3
ok portraits/mindbender_4
ok portraits/prophet_2
ok portraits/prophet_4
ok portraits/roadboss_1
ok portraits/roadboss_2
ok portraits/wrencher_1
ok portraits/roadboss_3
ok portraits/wrencher_3
ok portraits/wrencher_2
ok portraits/roadboss_4
ok portraits/wrencher_4
ok portraits/siren_2
ok portraits/siren_1
ok portraits/siren_3
ok portraits/siren_4
ok warlords/ozmyr
ok warlords/dremmer
ok warlords/carrion
ok warlords/kesh
ok warlords/ruthie
ok warlords/isolde
ok warlords/gnaw
ok npcs/nell
ok npcs/trader
ok npcs/barkeep
ok npcs/doc
ok npcs/voice
ok npcs/fixer
ok enemies/burnlad
ok enemies/raider
ok enemies/kilnguard
ok enemies/psyker
ok enemies/cultist
ok enemies/militia
ok enemies/pumpthug
ok enemies/ratman
ok enemies/saltguard
ok enemies/hound
ok enemies/scav
ok enemies/crawler
ok enemies/hollow
ok enemies/glowbug
ok enemies/warboss
ok towns/kiln
ok towns/undergrid
ok towns/crater
ok towns/wreckyard
ok towns/dam
ok towns/pumpworks
ok towns/brinetown
ok towns/hopesrest
ok towns/knot
ok interiors/market
ok towns/outpost
ok towns/ruins
ok interiors/bar
ok interiors/hall
ok interiors/clinic
ok interiors/garage
ok events/ambush
ok events/wreck
ok events/campfire
ok events/duststorm
ok events/maelstrom
ok events/wounded
ok events/burntvillage
ok events/tollgate
ok events/nest
ok events/cache
ok events/army
ok events/pillar
ok events/convoy
ok events/oasis
ok events/tower
ok events/traders
ok delve/corridor
ok events/battlefield
ok delve/subway
ok events/duel
ok delve/lab
ok delve/ward
ok delve/vault
ok delve/reactor
ok delve/hangar
ok delve/shrine
ok delve/stairs
ok delve/archive
ok battlemaps/waste
ok battlemaps/salt
ok battlemaps/road
ok battlemaps/glass
ok battlemaps/industrial
ok props/barrels
ok battlemaps/sewer
ok battlemaps/street
ok battlemaps/kiln
ok battlemaps/farm
ok props/scrap
ok props/barrier
ok props/rocks
ok battlemaps/sand
ok props/tree
ok props/sandbags
ok props/tires
ok props/crates
ok props/pillar
ok props/glass
ok props/pipes
ok props/bus
ok props/fire
ok items/knife
ok items/machete
ok items/pipe
ok items/crowbar
ok items/sledge
ok items/chainsaw
ok items/spear
ok items/pistol
ok items/revolver
ok items/shotgun
ok items/smg
ok items/rifle
ok items/assault
ok items/crossbow
ok items/flamer
ok items/laser
ok items/scrapplate
ok items/leathers
ok items/kevlar
ok items/tirearmor
ok items/riot
ok items/bandage
ok items/powerharness
ok items/stim
ok items/rations
ok items/molotov
ok items/grenade
ok items/antirad
ok items/dampener
ok items/keycard
ok items/barter
ok items/relic
ok items/goggles
ok items/charm
ok items/medkit
ok items/scope
ok items/ammo
ok items/tome
ok items/water
ok items/map
ok abilities/melee
ok abilities/suppress
ok abilities/patch
ok abilities/shoot
ok abilities/revive
ok abilities/doublestrike
ok abilities/riposte
ok abilities/mindlash
ok abilities/puppet
ok abilities/sermon
ok abilities/maelstrom
ok abilities/rally
ok abilities/pipebomb
ok abilities/turret
ok abilities/pack
ok abilities/captivate
ok abilities/overwatch
ok abilities/kiss
ok abilities/defend
ok abilities/charge
ok abilities/sprint
ok abilities/heal_all
ok abilities/fireball
ok abilities/execute
ok abilities/warcry
ok abilities/trick
ok ui/metal
ok ui/paper
ok ui/leather
ok ui/concrete
done; total spend $17.73
